ARM Linker, 5.03 [Build 76] [MDK-ARM Lite]

==============================================================================

Section Cross References

    startup.o(RESET) refers to startup.o(STACK) for StackMem
    startup.o(RESET) refers to entry.o(.ARM.Collect$$$$00000000) for __main
    main.o(i.main) refers to lcd.o(i.lcdInit) for lcdInit
    lcd.o(i.LCD_writeReg) refers to lcd.o(i.writeCmd) for writeCmd
    lcd.o(i.LCD_writeReg) refers to lcd.o(i.writeDat) for writeDat
    lcd.o(i.clearLCD) refers to lcd.o(i.setCursor) for setCursor
    lcd.o(i.clearLCD) refers to lcd.o(i.writeCmd) for writeCmd
    lcd.o(i.clearLCD) refers to lcd.o(i.writeDat) for writeDat
    lcd.o(i.lcdInit) refers to lcd.o(i.lcdPortConfig) for lcdPortConfig
    lcd.o(i.lcdInit) refers to regop.o(i.delayMS) for delayMS
    lcd.o(i.lcdInit) refers to lcd.o(i.LCD_writeReg) for LCD_writeReg
    lcd.o(i.lcdInit) refers to lcd.o(i.clearLCD) for clearLCD
    lcd.o(i.lcdPortConfig) refers to sysctl.o(i.enableRCGC) for enableRCGC
    lcd.o(i.lcdPortConfig) refers to gpio.o(i.initGPIO) for initGPIO
    lcd.o(i.lcdPortConfig) refers to regop.o(i.writeReg) for writeReg
    lcd.o(i.setCursor) refers to lcd.o(i.LCD_writeReg) for LCD_writeReg
    lcd.o(i.setCursorInd) refers to lcd.o(i.setCursor) for setCursor
    lcd.o(i.writeCmd) refers to lcd.o(i.writeLCD) for writeLCD
    lcd.o(i.writeDat) refers to lcd.o(i.writeLCD) for writeLCD
    lcd.o(i.writeLCD) refers to regop.o(i.writeReg) for writeReg
    lcd.o(i.writeLCD) refers to regop.o(i.delayMS) for delayMS
    gpio.o(i.initGPIO_AF) refers to regop.o(i.writeReg) for writeReg
    gptm.o(i.initGPTMA_Periodic) refers to regop.o(i.writeReg) for writeReg
    gptm.o(i.initGPTMA_Periodic) refers to regop.o(i.orWriteReg) for orWriteReg
    gptm.o(i.initGPTM_EdgeCount) refers to regop.o(i.writeReg) for writeReg
    gptm.o(i.initGPTM_EdgeCount) refers to regop.o(i.orWriteReg) for orWriteReg
    nvic.o(i.enableInterrupt) refers to regop.o(i.orWriteReg) for orWriteReg
    regop.o(i.andWriteReg) refers to regop.o(i.readReg) for readReg
    regop.o(i.andWriteReg) refers to regop.o(i.writeReg) for writeReg
    regop.o(i.delayMS) refers to dfltui.o(.text) for __aeabi_ui2d
    regop.o(i.delayMS) refers to dmul.o(.text) for __aeabi_dmul
    regop.o(i.delayMS) refers to ddiv.o(.text) for __aeabi_ddiv
    regop.o(i.delayMS) refers to dfixui.o(.text) for __aeabi_d2uiz
    regop.o(i.orWriteReg) refers to regop.o(i.readReg) for readReg
    regop.o(i.orWriteReg) refers to regop.o(i.writeReg) for writeReg
    ssi.o(i.ssi_config) refers to regop.o(i.writeReg) for writeReg
    ssi.o(i.transferSSI) refers to regop.o(i.writeReg) for writeReg
    ssi.o(i.transferSSI) refers to regop.o(i.readReg) for readReg
    sysctl.o(i.enableRCGC) refers to regop.o(i.orWriteReg) for orWriteReg
    entry.o(.ARM.Collect$$$$00000000) refers (Special) to entry10a.o(.ARM.Collect$$$$0000000D) for __rt_final_cpp
    entry.o(.ARM.Collect$$$$00000000) refers (Special) to entry11a.o(.ARM.Collect$$$$0000000F) for __rt_final_exit
    entry.o(.ARM.Collect$$$$00000000) refers (Special) to entry7b.o(.ARM.Collect$$$$00000008) for _main_clock
    entry.o(.ARM.Collect$$$$00000000) refers (Special) to entry8b.o(.ARM.Collect$$$$0000000A) for _main_cpp_init
    entry.o(.ARM.Collect$$$$00000000) refers (Special) to entry9a.o(.ARM.Collect$$$$0000000B) for _main_init
    entry.o(.ARM.Collect$$$$00000000) refers (Special) to entry5.o(.ARM.Collect$$$$00000004) for _main_scatterload
    entry.o(.ARM.Collect$$$$00000000) refers (Special) to entry2.o(.ARM.Collect$$$$00000001) for _main_stk
    dmul.o(.text) refers (Special) to iusefp.o(.text) for __I$use$fp
    dmul.o(.text) refers to depilogue.o(.text) for _double_epilogue
    ddiv.o(.text) refers (Special) to iusefp.o(.text) for __I$use$fp
    ddiv.o(.text) refers to depilogue.o(.text) for _double_round
    dfltui.o(.text) refers (Special) to iusefp.o(.text) for __I$use$fp
    dfltui.o(.text) refers to depilogue.o(.text) for _double_epilogue
    dfixui.o(.text) refers (Special) to iusefp.o(.text) for __I$use$fp
    dfixui.o(.text) refers to llushr.o(.text) for __aeabi_llsr
    entry2.o(.ARM.Collect$$$$00000001) refers to entry2.o(.ARM.Collect$$$$00002712) for __lit__00000000
    entry2.o(.ARM.Collect$$$$00002712) refers to startup.o(STACK) for __initial_sp
    entry2.o(__vectab_stack_and_reset_area) refers to startup.o(STACK) for __initial_sp
    entry2.o(__vectab_stack_and_reset_area) refers to entry.o(.ARM.Collect$$$$00000000) for __main
    entry5.o(.ARM.Collect$$$$00000004) refers to init.o(.text) for __scatterload
    entry9a.o(.ARM.Collect$$$$0000000B) refers to main.o(i.main) for main
    entry9b.o(.ARM.Collect$$$$0000000C) refers to main.o(i.main) for main
    depilogue.o(.text) refers to llshl.o(.text) for __aeabi_llsl
    depilogue.o(.text) refers to llushr.o(.text) for __aeabi_llsr
    init.o(.text) refers to entry5.o(.ARM.Collect$$$$00000004) for __main_after_scatterload


==============================================================================

Removing Unused input sections from the image.

    Removing startup.o(HEAP), (0 bytes).
    Removing startup.o(.text), (28 bytes).
    Removing lcd.o(i.makeBox), (2 bytes).
    Removing lcd.o(i.makeOpenBox), (2 bytes).
    Removing lcd.o(i.setCursorInd), (32 bytes).
    Removing gpio.o(i.initGPIO_AF), (28 bytes).
    Removing gptm.o(i.initGPTMA_Periodic), (70 bytes).
    Removing gptm.o(i.initGPTM_EdgeCount), (70 bytes).
    Removing nvic.o(i.enableInterrupt), (176 bytes).
    Removing regop.o(i.andWriteReg), (32 bytes).
    Removing ssi.o(i.ssi_config), (74 bytes).
    Removing ssi.o(i.ssi_enableClock), (12 bytes).
    Removing ssi.o(i.transferSSI), (46 bytes).

13 unused section(s) (total 572 bytes) removed from the image.

==============================================================================

Image Symbol Table

    Local Symbols

    Symbol Name                              Value     Ov Type        Size  Object(Section)

    RESET                                    0x00000000   Section      660  startup.o(RESET)
    ../clib/microlib/init/entry.s            0x00000000   Number         0  entry7a.o ABSOLUTE
    ../clib/microlib/init/entry.s            0x00000000   Number         0  entry5.o ABSOLUTE
    ../clib/microlib/init/entry.s            0x00000000   Number         0  entry9b.o ABSOLUTE
    ../clib/microlib/init/entry.s            0x00000000   Number         0  entry2.o ABSOLUTE
    ../clib/microlib/init/entry.s            0x00000000   Number         0  entry10a.o ABSOLUTE
    ../clib/microlib/init/entry.s            0x00000000   Number         0  entry7b.o ABSOLUTE
    ../clib/microlib/init/entry.s            0x00000000   Number         0  entry10b.o ABSOLUTE
    ../clib/microlib/init/entry.s            0x00000000   Number         0  entry11b.o ABSOLUTE
    ../clib/microlib/init/entry.s            0x00000000   Number         0  entry11a.o ABSOLUTE
    ../clib/microlib/init/entry.s            0x00000000   Number         0  entry9a.o ABSOLUTE
    ../clib/microlib/init/entry.s            0x00000000   Number         0  entry8b.o ABSOLUTE
    ../clib/microlib/init/entry.s            0x00000000   Number         0  entry8a.o ABSOLUTE
    ../clib/microlib/init/entry.s            0x00000000   Number         0  entry.o ABSOLUTE
    ../clib/microlib/longlong.c              0x00000000   Number         0  llshl.o ABSOLUTE
    ../clib/microlib/longlong.c              0x00000000   Number         0  llushr.o ABSOLUTE
    ../clib/microlib/stubs.s                 0x00000000   Number         0  iusefp.o ABSOLUTE
    ../fplib/microlib/fpdiv.c                0x00000000   Number         0  ddiv.o ABSOLUTE
    ../fplib/microlib/fpepilogue.c           0x00000000   Number         0  depilogue.o ABSOLUTE
    ../fplib/microlib/fpfix.c                0x00000000   Number         0  dfixui.o ABSOLUTE
    ../fplib/microlib/fpflt.c                0x00000000   Number         0  dfltui.o ABSOLUTE
    ../fplib/microlib/fpmul.c                0x00000000   Number         0  dmul.o ABSOLUTE
    GPIO.c                                   0x00000000   Number         0  gpio.o ABSOLUTE
    GPTM.c                                   0x00000000   Number         0  gptm.o ABSOLUTE
    LCD.c                                    0x00000000   Number         0  lcd.o ABSOLUTE
    NVIC.c                                   0x00000000   Number         0  nvic.o ABSOLUTE
    SSI.c                                    0x00000000   Number         0  ssi.o ABSOLUTE
    SYSCTL.c                                 0x00000000   Number         0  sysctl.o ABSOLUTE
    dc.s                                     0x00000000   Number         0  dc.o ABSOLUTE
    handlers.s                               0x00000000   Number         0  handlers.o ABSOLUTE
    init.s                                   0x00000000   Number         0  init.o ABSOLUTE
    main.c                                   0x00000000   Number         0  main.o ABSOLUTE
    regop.c                                  0x00000000   Number         0  regop.o ABSOLUTE
    startup.s                                0x00000000   Number         0  startup.o ABSOLUTE
    $v0                                      0x0000026c   Number         0  startup.o(RESET)
    .ARM.Collect$$$$00000000                 0x00000294   Section        0  entry.o(.ARM.Collect$$$$00000000)
    .ARM.Collect$$$$00000001                 0x00000294   Section        4  entry2.o(.ARM.Collect$$$$00000001)
    .ARM.Collect$$$$00000004                 0x00000298   Section        4  entry5.o(.ARM.Collect$$$$00000004)
    .ARM.Collect$$$$00000008                 0x0000029c   Section        0  entry7b.o(.ARM.Collect$$$$00000008)
    .ARM.Collect$$$$0000000A                 0x0000029c   Section        0  entry8b.o(.ARM.Collect$$$$0000000A)
    .ARM.Collect$$$$0000000B                 0x0000029c   Section        8  entry9a.o(.ARM.Collect$$$$0000000B)
    .ARM.Collect$$$$0000000D                 0x000002a4   Section        0  entry10a.o(.ARM.Collect$$$$0000000D)
    .ARM.Collect$$$$0000000F                 0x000002a4   Section        0  entry11a.o(.ARM.Collect$$$$0000000F)
    .ARM.Collect$$$$00002712                 0x000002a4   Section        4  entry2.o(.ARM.Collect$$$$00002712)
    __lit__00000000                          0x000002a4   Data           4  entry2.o(.ARM.Collect$$$$00002712)
    .text                                    0x000002a8   Section        0  dmul.o(.text)
    .text                                    0x0000038c   Section        0  ddiv.o(.text)
    .text                                    0x0000046a   Section        0  dfltui.o(.text)
    .text                                    0x00000484   Section        0  dfixui.o(.text)
    .text                                    0x000004b6   Section        0  llushr.o(.text)
    .text                                    0x000004d6   Section        0  depilogue.o(.text)
    .text                                    0x000004d6   Section        0  iusefp.o(.text)
    .text                                    0x00000594   Section       36  init.o(.text)
    .text                                    0x000005b8   Section        0  llshl.o(.text)
    i.LCD_writeReg                           0x000005d6   Section        0  lcd.o(i.LCD_writeReg)
    i.__scatterload_copy                     0x000005ea   Section       14  handlers.o(i.__scatterload_copy)
    i.__scatterload_null                     0x000005f8   Section        2  handlers.o(i.__scatterload_null)
    i.__scatterload_zeroinit                 0x000005fa   Section       14  handlers.o(i.__scatterload_zeroinit)
    i.clearLCD                               0x00000608   Section        0  lcd.o(i.clearLCD)
    i.delayMS                                0x0000063c   Section        0  regop.o(i.delayMS)
    i.enableRCGC                             0x000006b8   Section        0  sysctl.o(i.enableRCGC)
    i.initGPIO                               0x000006d0   Section        0  gpio.o(i.initGPIO)
    i.lcdInit                                0x000006f8   Section        0  lcd.o(i.lcdInit)
    i.lcdPortConfig                          0x000009a4   Section        0  lcd.o(i.lcdPortConfig)
    i.main                                   0x00000a14   Section        0  main.o(i.main)
    i.orWriteReg                             0x00000a1c   Section        0  regop.o(i.orWriteReg)
    i.readReg                                0x00000a3c   Section        0  regop.o(i.readReg)
    i.setCursor                              0x00000a48   Section        0  lcd.o(i.setCursor)
    i.writeCmd                               0x00000a78   Section        0  lcd.o(i.writeCmd)
    i.writeDat                               0x00000a90   Section        0  lcd.o(i.writeDat)
    i.writeLCD                               0x00000aa8   Section        0  lcd.o(i.writeLCD)
    i.writeReg                               0x00000af0   Section        0  regop.o(i.writeReg)
    STACK                                    0x20000000   Section     1024  startup.o(STACK)
    StackMem                                 0x20000000   Data           0  startup.o(STACK)

    Global Symbols

    Symbol Name                              Value     Ov Type        Size  Object(Section)

    BuildAttributes$$THM_ISAv4$E$P$D$K$B$S$7EM$VFPi3$EXTD16$VFPS$VFMA$PE$A:L22UL41UL21$X:L11$S22US41US21$IEEE1$IW$USESV6$~STKCKD$USESV7$~SHL$OSPACE$ROPI$EBA8$MICROLIB$REQ8$PRES8$EABIv2 0x00000000   Number         0  anon$$obj.o ABSOLUTE
    __ARM_use_no_argv                        0x00000000   Number         0  main.o ABSOLUTE
    __Vectors                                0x00000000   Data           0  startup.o(RESET)
    __cpp_initialize__aeabi_                  - Undefined Weak Reference
    __cxa_finalize                            - Undefined Weak Reference
    __decompress                              - Undefined Weak Reference
    _clock_init                               - Undefined Weak Reference
    _microlib_exit                            - Undefined Weak Reference
    Reset_Handler                            0x0000026d   Thumb Code     0  startup.o(RESET)
    NMI_Handler                              0x00000281   Thumb Code     2  startup.o(RESET)
    HardFault_Handler                        0x00000283   Thumb Code     2  startup.o(RESET)
    MemManage_Handler                        0x00000285   Thumb Code     2  startup.o(RESET)
    BusFault_Handler                         0x00000287   Thumb Code     2  startup.o(RESET)
    UsageFault_Handler                       0x00000289   Thumb Code     2  startup.o(RESET)
    SVC_Handler                              0x0000028b   Thumb Code     2  startup.o(RESET)
    DebugMon_Handler                         0x0000028d   Thumb Code     2  startup.o(RESET)
    PendSV_Handler                           0x0000028f   Thumb Code     2  startup.o(RESET)
    SysTick_Handler                          0x00000291   Thumb Code     2  startup.o(RESET)
    ADC0Seq0_Handler                         0x00000293   Thumb Code     0  startup.o(RESET)
    ADC0Seq1_Handler                         0x00000293   Thumb Code     0  startup.o(RESET)
    ADC0Seq2_Handler                         0x00000293   Thumb Code     0  startup.o(RESET)
    ADC0Seq3_Handler                         0x00000293   Thumb Code     0  startup.o(RESET)
    ADC1Seq0_Handler                         0x00000293   Thumb Code     0  startup.o(RESET)
    ADC1Seq1_Handler                         0x00000293   Thumb Code     0  startup.o(RESET)
    ADC1Seq2_Handler                         0x00000293   Thumb Code     0  startup.o(RESET)
    ADC1Seq3_Handler                         0x00000293   Thumb Code     0  startup.o(RESET)
    CAN0_Handler                             0x00000293   Thumb Code     0  startup.o(RESET)
    CAN1_Handler                             0x00000293   Thumb Code     0  startup.o(RESET)
    CAN2_Handler                             0x00000293   Thumb Code     0  startup.o(RESET)
    Comp0_Handler                            0x00000293   Thumb Code     0  startup.o(RESET)
    Comp1_Handler                            0x00000293   Thumb Code     0  startup.o(RESET)
    Comp2_Handler                            0x00000293   Thumb Code     0  startup.o(RESET)
    Ethernet_Handler                         0x00000293   Thumb Code     0  startup.o(RESET)
    ExtBus_Handler                           0x00000293   Thumb Code     0  startup.o(RESET)
    FPU_Handler                              0x00000293   Thumb Code     0  startup.o(RESET)
    Fan0_Handler                             0x00000293   Thumb Code     0  startup.o(RESET)
    FlashCtl_Handler                         0x00000293   Thumb Code     0  startup.o(RESET)
    GPIOPortA_Handler                        0x00000293   Thumb Code     0  startup.o(RESET)
    GPIOPortB_Handler                        0x00000293   Thumb Code     0  startup.o(RESET)
    GPIOPortC_Handler                        0x00000293   Thumb Code     0  startup.o(RESET)
    GPIOPortD_Handler                        0x00000293   Thumb Code     0  startup.o(RESET)
    GPIOPortE_Handler                        0x00000293   Thumb Code     0  startup.o(RESET)
    GPIOPortF_Handler                        0x00000293   Thumb Code     0  startup.o(RESET)
    GPIOPortG_Handler                        0x00000293   Thumb Code     0  startup.o(RESET)
    GPIOPortH_Handler                        0x00000293   Thumb Code     0  startup.o(RESET)
    GPIOPortJ_Handler                        0x00000293   Thumb Code     0  startup.o(RESET)
    GPIOPortK_Handler                        0x00000293   Thumb Code     0  startup.o(RESET)
    GPIOPortL_Handler                        0x00000293   Thumb Code     0  startup.o(RESET)
    GPIOPortM_Handler                        0x00000293   Thumb Code     0  startup.o(RESET)
    GPIOPortN_Handler                        0x00000293   Thumb Code     0  startup.o(RESET)
    GPIOPortP1_Handler                       0x00000293   Thumb Code     0  startup.o(RESET)
    GPIOPortP2_Handler                       0x00000293   Thumb Code     0  startup.o(RESET)
    GPIOPortP3_Handler                       0x00000293   Thumb Code     0  startup.o(RESET)
    GPIOPortP4_Handler                       0x00000293   Thumb Code     0  startup.o(RESET)
    GPIOPortP5_Handler                       0x00000293   Thumb Code     0  startup.o(RESET)
    GPIOPortP6_Handler                       0x00000293   Thumb Code     0  startup.o(RESET)
    GPIOPortP7_Handler                       0x00000293   Thumb Code     0  startup.o(RESET)
    GPIOPortP_Handler                        0x00000293   Thumb Code     0  startup.o(RESET)
    GPIOPortQ1_Handler                       0x00000293   Thumb Code     0  startup.o(RESET)
    GPIOPortQ2_Handler                       0x00000293   Thumb Code     0  startup.o(RESET)
    GPIOPortQ3_Handler                       0x00000293   Thumb Code     0  startup.o(RESET)
    GPIOPortQ4_Handler                       0x00000293   Thumb Code     0  startup.o(RESET)
    GPIOPortQ5_Handler                       0x00000293   Thumb Code     0  startup.o(RESET)
    GPIOPortQ6_Handler                       0x00000293   Thumb Code     0  startup.o(RESET)
    GPIOPortQ7_Handler                       0x00000293   Thumb Code     0  startup.o(RESET)
    GPIOPortQ_Handler                        0x00000293   Thumb Code     0  startup.o(RESET)
    GPIOPortR_Handler                        0x00000293   Thumb Code     0  startup.o(RESET)
    GPIOPortS_Handler                        0x00000293   Thumb Code     0  startup.o(RESET)
    Hibernate_Handler                        0x00000293   Thumb Code     0  startup.o(RESET)
    I2C0_Handler                             0x00000293   Thumb Code     0  startup.o(RESET)
    I2C1_Handler                             0x00000293   Thumb Code     0  startup.o(RESET)
    I2C2_Handler                             0x00000293   Thumb Code     0  startup.o(RESET)
    I2C3_Handler                             0x00000293   Thumb Code     0  startup.o(RESET)
    I2C4_Handler                             0x00000293   Thumb Code     0  startup.o(RESET)
    I2C5_Handler                             0x00000293   Thumb Code     0  startup.o(RESET)
    I2S0_Handler                             0x00000293   Thumb Code     0  startup.o(RESET)
    LPC0_Handler                             0x00000293   Thumb Code     0  startup.o(RESET)
    PECI0_Handler                            0x00000293   Thumb Code     0  startup.o(RESET)
    PWM0Fault_Handler                        0x00000293   Thumb Code     0  startup.o(RESET)
    PWM0Generator0_Handler                   0x00000293   Thumb Code     0  startup.o(RESET)
    PWM0Generator1_Handler                   0x00000293   Thumb Code     0  startup.o(RESET)
    PWM0Generator2_Handler                   0x00000293   Thumb Code     0  startup.o(RESET)
    PWM0Generator3_Handler                   0x00000293   Thumb Code     0  startup.o(RESET)
    PWM1Fault_Handler                        0x00000293   Thumb Code     0  startup.o(RESET)
    PWM1Generator0_Handler                   0x00000293   Thumb Code     0  startup.o(RESET)
    PWM1Generator1_Handler                   0x00000293   Thumb Code     0  startup.o(RESET)
    PWM1Generator2_Handler                   0x00000293   Thumb Code     0  startup.o(RESET)
    PWM1Generator3_Handler                   0x00000293   Thumb Code     0  startup.o(RESET)
    Quadrature0_Handler                      0x00000293   Thumb Code     0  startup.o(RESET)
    Quadrature1_Handler                      0x00000293   Thumb Code     0  startup.o(RESET)
    Quadrature2_Handler                      0x00000293   Thumb Code     0  startup.o(RESET)
    SSI0_Handler                             0x00000293   Thumb Code     0  startup.o(RESET)
    SSI1_Handler                             0x00000293   Thumb Code     0  startup.o(RESET)
    SSI2_Handler                             0x00000293   Thumb Code     0  startup.o(RESET)
    SSI3_Handler                             0x00000293   Thumb Code     0  startup.o(RESET)
    SysCtl_Handler                           0x00000293   Thumb Code     0  startup.o(RESET)
    Timer0A_Handler                          0x00000293   Thumb Code     0  startup.o(RESET)
    Timer0B_Handler                          0x00000293   Thumb Code     0  startup.o(RESET)
    Timer1A_Handler                          0x00000293   Thumb Code     0  startup.o(RESET)
    Timer1B_Handler                          0x00000293   Thumb Code     0  startup.o(RESET)
    Timer2A_Handler                          0x00000293   Thumb Code     0  startup.o(RESET)
    Timer2B_Handler                          0x00000293   Thumb Code     0  startup.o(RESET)
    Timer3A_Handler                          0x00000293   Thumb Code     0  startup.o(RESET)
    Timer3B_Handler                          0x00000293   Thumb Code     0  startup.o(RESET)
    Timer4A_Handler                          0x00000293   Thumb Code     0  startup.o(RESET)
    Timer4B_Handler                          0x00000293   Thumb Code     0  startup.o(RESET)
    Timer5A_Handler                          0x00000293   Thumb Code     0  startup.o(RESET)
    Timer5B_Handler                          0x00000293   Thumb Code     0  startup.o(RESET)
    UART0_Handler                            0x00000293   Thumb Code     0  startup.o(RESET)
    UART1_Handler                            0x00000293   Thumb Code     0  startup.o(RESET)
    UART2_Handler                            0x00000293   Thumb Code     0  startup.o(RESET)
    UART3_Handler                            0x00000293   Thumb Code     0  startup.o(RESET)
    UART4_Handler                            0x00000293   Thumb Code     0  startup.o(RESET)
    UART5_Handler                            0x00000293   Thumb Code     0  startup.o(RESET)
    UART6_Handler                            0x00000293   Thumb Code     0  startup.o(RESET)
    UART7_Handler                            0x00000293   Thumb Code     0  startup.o(RESET)
    USB0_Handler                             0x00000293   Thumb Code     0  startup.o(RESET)
    WDT_Handler                              0x00000293   Thumb Code     0  startup.o(RESET)
    WideTimer0A_Handler                      0x00000293   Thumb Code     0  startup.o(RESET)
    WideTimer0B_Handler                      0x00000293   Thumb Code     0  startup.o(RESET)
    WideTimer1A_Handler                      0x00000293   Thumb Code     0  startup.o(RESET)
    WideTimer1B_Handler                      0x00000293   Thumb Code     0  startup.o(RESET)
    WideTimer2A_Handler                      0x00000293   Thumb Code     0  startup.o(RESET)
    WideTimer2B_Handler                      0x00000293   Thumb Code     0  startup.o(RESET)
    WideTimer3A_Handler                      0x00000293   Thumb Code     0  startup.o(RESET)
    WideTimer3B_Handler                      0x00000293   Thumb Code     0  startup.o(RESET)
    WideTimer4A_Handler                      0x00000293   Thumb Code     0  startup.o(RESET)
    WideTimer4B_Handler                      0x00000293   Thumb Code     0  startup.o(RESET)
    WideTimer5A_Handler                      0x00000293   Thumb Code     0  startup.o(RESET)
    WideTimer5B_Handler                      0x00000293   Thumb Code     0  startup.o(RESET)
    uDMA_Error                               0x00000293   Thumb Code     0  startup.o(RESET)
    uDMA_Handler                             0x00000293   Thumb Code     0  startup.o(RESET)
    __main                                   0x00000295   Thumb Code     0  entry.o(.ARM.Collect$$$$00000000)
    _main_stk                                0x00000295   Thumb Code     0  entry2.o(.ARM.Collect$$$$00000001)
    _main_scatterload                        0x00000299   Thumb Code     0  entry5.o(.ARM.Collect$$$$00000004)
    __main_after_scatterload                 0x0000029d   Thumb Code     0  entry5.o(.ARM.Collect$$$$00000004)
    _main_clock                              0x0000029d   Thumb Code     0  entry7b.o(.ARM.Collect$$$$00000008)
    _main_cpp_init                           0x0000029d   Thumb Code     0  entry8b.o(.ARM.Collect$$$$0000000A)
    _main_init                               0x0000029d   Thumb Code     0  entry9a.o(.ARM.Collect$$$$0000000B)
    __rt_final_cpp                           0x000002a5   Thumb Code     0  entry10a.o(.ARM.Collect$$$$0000000D)
    __rt_final_exit                          0x000002a5   Thumb Code     0  entry11a.o(.ARM.Collect$$$$0000000F)
    __aeabi_dmul                             0x000002a9   Thumb Code   228  dmul.o(.text)
    __aeabi_ddiv                             0x0000038d   Thumb Code   222  ddiv.o(.text)
    __aeabi_ui2d                             0x0000046b   Thumb Code    26  dfltui.o(.text)
    __aeabi_d2uiz                            0x00000485   Thumb Code    50  dfixui.o(.text)
    __aeabi_llsr                             0x000004b7   Thumb Code    32  llushr.o(.text)
    _ll_ushift_r                             0x000004b7   Thumb Code     0  llushr.o(.text)
    __I$use$fp                               0x000004d7   Thumb Code     0  iusefp.o(.text)
    _double_round                            0x000004d7   Thumb Code    26  depilogue.o(.text)
    _double_epilogue                         0x000004f1   Thumb Code   164  depilogue.o(.text)
    __scatterload                            0x00000595   Thumb Code    28  init.o(.text)
    __scatterload_rt2                        0x00000595   Thumb Code     0  init.o(.text)
    __aeabi_llsl                             0x000005b9   Thumb Code    30  llshl.o(.text)
    _ll_shift_l                              0x000005b9   Thumb Code     0  llshl.o(.text)
    LCD_writeReg                             0x000005d7   Thumb Code    20  lcd.o(i.LCD_writeReg)
    __scatterload_copy                       0x000005eb   Thumb Code    14  handlers.o(i.__scatterload_copy)
    __scatterload_null                       0x000005f9   Thumb Code     2  handlers.o(i.__scatterload_null)
    __scatterload_zeroinit                   0x000005fb   Thumb Code    14  handlers.o(i.__scatterload_zeroinit)
    clearLCD                                 0x00000609   Thumb Code    52  lcd.o(i.clearLCD)
    delayMS                                  0x0000063d   Thumb Code   108  regop.o(i.delayMS)
    enableRCGC                               0x000006b9   Thumb Code    18  sysctl.o(i.enableRCGC)
    initGPIO                                 0x000006d1   Thumb Code    40  gpio.o(i.initGPIO)
    lcdInit                                  0x000006f9   Thumb Code   674  lcd.o(i.lcdInit)
    lcdPortConfig                            0x000009a5   Thumb Code    94  lcd.o(i.lcdPortConfig)
    main                                     0x00000a15   Thumb Code     8  main.o(i.main)
    orWriteReg                               0x00000a1d   Thumb Code    32  regop.o(i.orWriteReg)
    readReg                                  0x00000a3d   Thumb Code    12  regop.o(i.readReg)
    setCursor                                0x00000a49   Thumb Code    48  lcd.o(i.setCursor)
    writeCmd                                 0x00000a79   Thumb Code    18  lcd.o(i.writeCmd)
    writeDat                                 0x00000a91   Thumb Code    18  lcd.o(i.writeDat)
    writeLCD                                 0x00000aa9   Thumb Code    60  lcd.o(i.writeLCD)
    writeReg                                 0x00000af1   Thumb Code     8  regop.o(i.writeReg)
    Region$$Table$$Base                      0x00000af8   Number         0  anon$$obj.o(Region$$Table)
    Region$$Table$$Limit                     0x00000b08   Number         0  anon$$obj.o(Region$$Table)
    __initial_sp                             0x20000400   Data           0  startup.o(STACK)



==============================================================================

Memory Map of the image

  Image Entry point : 0x0000026d

  Load Region LR_1 (Base: 0x00000000, Size: 0x00000b08, Max: 0xffffffff, ABSOLUTE)

    Execution Region ER_RO (Base: 0x00000000, Size: 0x00000b08, Max: 0xffffffff, ABSOLUTE)

    Base Addr    Size         Type   Attr      Idx    E Section Name        Object

    0x00000000   0x00000294   Code   RO            3  * RESET               startup.o
    0x00000294   0x00000000   Code   RO          238  * .ARM.Collect$$$$00000000  mc_w.l(entry.o)
    0x00000294   0x00000004   Code   RO          249    .ARM.Collect$$$$00000001  mc_w.l(entry2.o)
    0x00000298   0x00000004   Code   RO          252    .ARM.Collect$$$$00000004  mc_w.l(entry5.o)
    0x0000029c   0x00000000   Code   RO          254    .ARM.Collect$$$$00000008  mc_w.l(entry7b.o)
    0x0000029c   0x00000000   Code   RO          256    .ARM.Collect$$$$0000000A  mc_w.l(entry8b.o)
    0x0000029c   0x00000008   Code   RO          257    .ARM.Collect$$$$0000000B  mc_w.l(entry9a.o)
    0x000002a4   0x00000000   Code   RO          259    .ARM.Collect$$$$0000000D  mc_w.l(entry10a.o)
    0x000002a4   0x00000000   Code   RO          261    .ARM.Collect$$$$0000000F  mc_w.l(entry11a.o)
    0x000002a4   0x00000004   Code   RO          250    .ARM.Collect$$$$00002712  mc_w.l(entry2.o)
    0x000002a8   0x000000e4   Code   RO          241    .text               mf_w.l(dmul.o)
    0x0000038c   0x000000de   Code   RO          243    .text               mf_w.l(ddiv.o)
    0x0000046a   0x0000001a   Code   RO          245    .text               mf_w.l(dfltui.o)
    0x00000484   0x00000032   Code   RO          247    .text               mf_w.l(dfixui.o)
    0x000004b6   0x00000020   Code   RO          263    .text               mc_w.l(llushr.o)
    0x000004d6   0x00000000   Code   RO          265    .text               mc_w.l(iusefp.o)
    0x000004d6   0x000000be   Code   RO          266    .text               mf_w.l(depilogue.o)
    0x00000594   0x00000024   Code   RO          268    .text               mc_w.l(init.o)
    0x000005b8   0x0000001e   Code   RO          270    .text               mc_w.l(llshl.o)
    0x000005d6   0x00000014   Code   RO           28    i.LCD_writeReg      lcd.o
    0x000005ea   0x0000000e   Code   RO          274    i.__scatterload_copy  mc_w.l(handlers.o)
    0x000005f8   0x00000002   Code   RO          275    i.__scatterload_null  mc_w.l(handlers.o)
    0x000005fa   0x0000000e   Code   RO          276    i.__scatterload_zeroinit  mc_w.l(handlers.o)
    0x00000608   0x00000034   Code   RO           29    i.clearLCD          lcd.o
    0x0000063c   0x0000007c   Code   RO          164    i.delayMS           regop.o
    0x000006b8   0x00000018   Code   RO          226    i.enableRCGC        sysctl.o
    0x000006d0   0x00000028   Code   RO          109    i.initGPIO          gpio.o
    0x000006f8   0x000002ac   Code   RO           30    i.lcdInit           lcd.o
    0x000009a4   0x00000070   Code   RO           31    i.lcdPortConfig     lcd.o
    0x00000a14   0x00000008   Code   RO           12    i.main              main.o
    0x00000a1c   0x00000020   Code   RO          165    i.orWriteReg        regop.o
    0x00000a3c   0x0000000c   Code   RO          166    i.readReg           regop.o
    0x00000a48   0x00000030   Code   RO           34    i.setCursor         lcd.o
    0x00000a78   0x00000018   Code   RO           36    i.writeCmd          lcd.o
    0x00000a90   0x00000018   Code   RO           37    i.writeDat          lcd.o
    0x00000aa8   0x00000048   Code   RO           38    i.writeLCD          lcd.o
    0x00000af0   0x00000008   Code   RO          167    i.writeReg          regop.o
    0x00000af8   0x00000010   Data   RO          272    Region$$Table       anon$$obj.o


    Execution Region ER_RW (Base: 0x20000000, Size: 0x00000000, Max: 0xffffffff, ABSOLUTE)

    **** No section assigned to this execution region ****


    Execution Region ER_ZI (Base: 0x20000000, Size: 0x00000400, Max: 0xffffffff, ABSOLUTE)

    Base Addr    Size         Type   Attr      Idx    E Section Name        Object

    0x20000000   0x00000400   Zero   RW            1    STACK               startup.o


==============================================================================

Image component sizes


      Code (inc. data)   RO Data    RW Data    ZI Data      Debug   Object Name

        40          0          0          0          0        567   gpio.o
      1036         52          0          0          0       4381   lcd.o
         8          0          0          0          0       1847   main.o
       176         16          0          0          0       2136   regop.o
       660        620          0          0       1024        748   startup.o
        24          6          0          0          0        501   sysctl.o

    ----------------------------------------------------------------------
      1944        694         16          0       1024      10180   Object Totals
         0          0         16          0          0          0   (incl. Generated)
         0          0          0          0          0          0   (incl. Padding)

    ----------------------------------------------------------------------

      Code (inc. data)   RO Data    RW Data    ZI Data      Debug   Library Member Name

         0          0          0          0          0          0   entry.o
         0          0          0          0          0          0   entry10a.o
         0          0          0          0          0          0   entry11a.o
         8          4          0          0          0          0   entry2.o
         4          0          0          0          0          0   entry5.o
         0          0          0          0          0          0   entry7b.o
         0          0          0          0          0          0   entry8b.o
         8          4          0          0          0          0   entry9a.o
        30          0          0          0          0          0   handlers.o
        36          8          0          0          0         68   init.o
         0          0          0          0          0          0   iusefp.o
        30          0          0          0          0         68   llshl.o
        32          0          0          0          0         68   llushr.o
       222          0          0          0          0        100   ddiv.o
       190          0          0          0          0        176   depilogue.o
        50          0          0          0          0         76   dfixui.o
        26          0          0          0          0         76   dfltui.o
       228          0          0          0          0         96   dmul.o

    ----------------------------------------------------------------------
       864         16          0          0          0        728   Library Totals
         0          0          0          0          0          0   (incl. Padding)

    ----------------------------------------------------------------------

      Code (inc. data)   RO Data    RW Data    ZI Data      Debug   Library Name

       148         16          0          0          0        204   mc_w.l
       716          0          0          0          0        524   mf_w.l

    ----------------------------------------------------------------------
       864         16          0          0          0        728   Library Totals

    ----------------------------------------------------------------------

==============================================================================


      Code (inc. data)   RO Data    RW Data    ZI Data      Debug   

      2808        710         16          0       1024       9296   Grand Totals
      2808        710         16          0       1024       9296   ELF Image Totals
      2808        710         16          0          0          0   ROM Totals

==============================================================================

    Total RO  Size (Code + RO Data)                 2824 (   2.76kB)
    Total RW  Size (RW Data + ZI Data)              1024 (   1.00kB)
    Total ROM Size (Code + RO Data + RW Data)       2824 (   2.76kB)

==============================================================================

