<html>
<body>
<pre>
<h1>µVision Build Log</h1>
<h2>Project:</h2>
C:\Users\david\Documents\hw\5\ECE3710\lab6\test.uvproj
Project File Date:  11/13/2013

<h2>Output:</h2>
Build target 'Target 1'
compiling main.c...
linking...
Program Size: Code=4292 RO-data=3076 RW-data=2060 ZI-data=1124  
".\test.axf" - 0 Error(s), 0 Warning(s).
Load "C:\\Users\\david\\Documents\\hw\\5\\ECE3710\\lab6\\test.axf" 
Connecting: Mode=JTAG, Speed=1000000Hz
Erase Done.
Programming Done.
Verify OK.
</pre>
</body>
</html>
\lab6\\test.axf" 
Connecting: Mode=JTAG, Speed=1000000Hz
Erase Done.
Programming Done.
Verify OK.

assembling Startup.s...
compiling gpio.c...
compiling util.c...
compiling ssi.c...
compiling lcd.c...
compiling adc.c...
".\test.axf" - 2 Error(s), 1 Warning(s).
Target not created
36 / 400
main.c: 4 warnings, 2 errors
assembling Startup.s...
compiling gpio.c...
compiling util.c...
compiling ssi.c...
compiling lcd.c...
".\test.axf" - 2 Error(s), 4 Warning(s).
Target not created
