<html>
<body>
<pre>
<h1>µVision Build Log</h1>
<h2>Project:</h2>
C:\Users\cody\Documents\Keil\ECE 3710\Assignments\Assignment 6\Assignment 6-1a\SimpleProject.uvproj
Project File Date:  09/25/2013

<h2>Output:</h2>
Rebuild target 'SimpleProject'
assembling Startup.s...
assembling main.s...
linking...
Program Size: Code=744 RO-data=0 RW-data=0 ZI-data=1024  
".\SimpleProject.axf" - 0 Errors, 0 Warning(s).
Rebuild target 'SimpleProject'
assembling Startup.s...
assembling main.s...
linking...
Program Size: Code=752 RO-data=0 RW-data=0 ZI-data=1024  
".\SimpleProject.axf" - 0 Errors, 0 Warning(s).
Rebuild target 'SimpleProject'
assembling Startup.s...
assembling main.s...
main.s(85): error: A1875E: Register Rn must be from R0 to R7 in this instruction
".\SimpleProject.axf" - 1 Errors, 0 Warning(s).
Target not created
Rebuild target 'SimpleProject'
assembling Startup.s...
assembling main.s...
linking...
Program Size: Code=776 RO-data=0 RW-data=0 ZI-data=1024  
".\SimpleProject.axf" - 0 Errors, 0 Warning(s).
Load "C:\\Users\\cody\\Documents\\Keil\\ECE 3710\\Assignments\\Assignment 6\\Assignment 6-1a\\SimpleProject.axf" 
Connecting: Mode=JTAG, Speed=1000000Hz
Connection failed!, error code=&d
Load "C:\\Users\\cody\\Documents\\Keil\\ECE 3710\\Assignments\\Assignment 6\\Assignment 6-1a\\SimpleProject.axf" 
Warning: OSC to JTAG clock ratio violation - JTAG clock has been automatically adjusted to comply.
Connecting: Mode=JTAG, Speed=600000Hz
Connection failed!, error code=&d
Rebuild target 'SimpleProject'
assembling Startup.s...
assembling main.s...
linking...
Program Size: Code=776 RO-data=0 RW-data=0 ZI-data=1024  
".\SimpleProject.axf" - 0 Errors, 0 Warning(s).
Rebuild target 'SimpleProject'
assembling Startup.s...
assembling main.s...
main.s(96): warning: A1865W: '#' not seen before constant expression
main.s(97): error: A1516E: Bad symbol 'GPIOAFSEL', not defined or external
".\SimpleProject.axf" - 1 Errors, 1 Warning(s).
Target not created
Rebuild target 'SimpleProject'
assembling Startup.s...
assembling main.s...
main.s(97): warning: A1865W: '#' not seen before constant expression
linking...
Program Size: Code=788 RO-data=0 RW-data=0 ZI-data=1024  
".\SimpleProject.axf" - 0 Errors, 1 Warning(s).
Rebuild target 'SimpleProject'
assembling Startup.s...
assembling main.s...
linking...
Program Size: Code=788 RO-data=0 RW-data=0 ZI-data=1024  
".\SimpleProject.axf" - 0 Errors, 0 Warning(s).
Rebuild target 'SimpleProject'
assembling Startup.s...
assembling main.s...
main.s(133): error: A1516E: Bad symbol 'GPTMIMR', not defined or external
".\SimpleProject.axf" - 1 Errors, 0 Warning(s).
Target not created
Rebuild target 'SimpleProject'
assembling Startup.s...
assembling main.s...
main.s(109): error: A1114E: Expected register relative expression
main.s(112): error: A1114E: Expected register relative expression
main.s(153): error: A1114E: Expected register relative expression
main.s(155): error: A1114E: Expected register relative expression
".\SimpleProject.axf" - 4 Errors, 0 Warning(s).
Target not created
Rebuild target 'SimpleProject'
assembling Startup.s...
assembling main.s...
main.s(196): error: A1859E: Flag preserving form of this instruction not available
".\SimpleProject.axf" - 1 Errors, 0 Warning(s).
Target not created
Rebuild target 'SimpleProject'
assembling Startup.s...
assembling main.s...
linking...
Program Size: Code=952 RO-data=0 RW-data=0 ZI-data=1024  
".\SimpleProject.axf" - 0 Errors, 0 Warning(s).
Build target 'SimpleProject'
assembling Startup.s...
assembling main.s...
linking...
Program Size: Code=956 RO-data=0 RW-data=0 ZI-data=1024  
".\SimpleProject.axf" - 0 Errors, 0 Warning(s).
Rebuild target 'SimpleProject'
assembling Startup.s...
assembling main.s...
linking...
Program Size: Code=960 RO-data=0 RW-data=0 ZI-data=1024  
".\SimpleProject.axf" - 0 Errors, 0 Warning(s).
