<html>
<body>
<pre>
<h1>µVision Build Log</h1>
<h2>Project:</h2>
C:\Users\cody\Documents\Keil\ECE_3710\Projects\Project-02\Tiva-C\test.uvproj
Project File Date:  11/12/2013

<h2>Output:</h2>
Rebuild target 'Target 1'
compiling main.c...
main.c(26): warning:  #1-D: last line of file ends without a newline
assembling Startup.s...
compiling gpio.c...
compiling util.c...
compiling ssi.c...
compiling lcd.c...
compiling adc.c...
compiling NRF24L01.c...
NRF24L01.h(137): error:  #18: expected a ")"
NRF24L01.h(138): error:  #20: identifier "uint64_t" is undefined
NRF24L01.h(139): error:  #20: identifier "uint64_t" is undefined
NRF24L01.c(8): warning:  #223-D: function "csn" declared implicitly
NRF24L01.c(8): error:  #20: identifier "LOW" is undefined
NRF24L01.c(9): error:  #20: identifier "SPI" is undefined
NRF24L01.c(10): error:  #268: declaration may not appear after executable statement in block
NRF24L01.c(12): error:  #20: identifier "HIGH" is undefined
NRF24L01.c(20): warning:  #223-D: function "IF_SERIAL_DEBUG" declared implicitly
NRF24L01.c(20): warning:  #223-D: function "printf_P" declared implicitly
NRF24L01.c(20): warning:  #223-D: function "PSTR" declared implicitly
NRF24L01.c(22): warning:  #223-D: function "csn" declared implicitly
NRF24L01.c(22): error:  #20: identifier "LOW" is undefined
NRF24L01.c(23): error:  #20: identifier "SPI" is undefined
NRF24L01.c(25): error:  #20: identifier "HIGH" is undefined
NRF24L01.c(34): error:  #20: identifier "reinterpret_cast" is undefined
NRF24L01.c(34): error:  #29: expected an expression
NRF24L01.c(36): warning:  #223-D: function "min" declared implicitly
NRF24L01.c(36): error:  #20: identifier "payload_size" is undefined
NRF24L01.c(37): error:  #20: identifier "dynamic_payloads_enabled" is undefined
NRF24L01.c(41): warning:  #223-D: function "csn" declared implicitly
NRF24L01.c(41): error:  #20: identifier "LOW" is undefined
NRF24L01.c(42): error:  #20: identifier "SPI" is undefined
NRF24L01.c(47): error:  #20: identifier "HIGH" is undefined
NRF24L01.c(55): error:  #20: identifier "reinterpret_cast" is undefined
NRF24L01.c(55): error:  #29: expected an expression
NRF24L01.c(57): warning:  #223-D: function "min" declared implicitly
NRF24L01.c(57): error:  #20: identifier "payload_size" is undefined
NRF24L01.c(58): error:  #20: identifier "dynamic_payloads_enabled" is undefined
NRF24L01.c(62): warning:  #223-D: function "csn" declared implicitly
NRF24L01.c(62): error:  #20: identifier "LOW" is undefined
NRF24L01.c(63): error:  #20: identifier "SPI" is undefined
NRF24L01.c(68): error:  #20: identifier "HIGH" is undefined
NRF24L01.c(77): warning:  #223-D: function "csn" declared implicitly
NRF24L01.c(77): error:  #20: identifier "LOW" is undefined
NRF24L01.c(78): error:  #20: identifier "SPI" is undefined
NRF24L01.c(79): error:  #20: identifier "HIGH" is undefined
NRF24L01.c(89): warning:  #223-D: function "csn" declared implicitly
NRF24L01.c(89): error:  #20: identifier "LOW" is undefined
NRF24L01.c(90): error:  #20: identifier "SPI" is undefined
NRF24L01.c(91): error:  #20: identifier "HIGH" is undefined
".\test.axf" - 30 Errors, 12 Warning(s).
Target not created
Rebuild target 'Target 1'
compiling main.c...
main.c(26): warning:  #1-D: last line of file ends without a newline
assembling Startup.s...
compiling gpio.c...
compiling util.c...
compiling ssi.c...
compiling lcd.c...
compiling adc.c...
linking...
Program Size: Code=1356 RO-data=16 RW-data=0 ZI-data=352  
".\test.axf" - 0 Errors, 1 Warning(s).
Rebuild target 'Target 1'
compiling main.c...
assembling Startup.s...
compiling gpio.c...
compiling util.c...
compiling ssi.c...
compiling lcd.c...
compiling adc.c...
linking...
Program Size: Code=1356 RO-data=16 RW-data=0 ZI-data=352  
".\test.axf" - 0 Errors, 0 Warning(s).
Rebuild target 'Target 1'
compiling main.c...
NRF24L01.h(42): warning:  #1295-D: Deprecated declaration RF24_begin - give arg types
NRF24L01.h(46): warning:  #1295-D: Deprecated declaration RF24_rx - give arg types
assembling Startup.s...
compiling gpio.c...
compiling util.c...
compiling ssi.c...
compiling lcd.c...
compiling adc.c...
linking...
Program Size: Code=1356 RO-data=16 RW-data=0 ZI-data=352  
".\test.axf" - 0 Errors, 2 Warning(s).
Rebuild target 'Target 1'
compiling main.c...
assembling Startup.s...
compiling gpio.c...
compiling util.c...
compiling ssi.c...
compiling lcd.c...
compiling adc.c...
linking...
Program Size: Code=1356 RO-data=16 RW-data=0 ZI-data=352  
".\test.axf" - 0 Errors, 0 Warning(s).
Rebuild target 'Target 1'
compiling main.c...
assembling Startup.s...
compiling gpio.c...
compiling util.c...
compiling ssi.c...
compiling lcd.c...
compiling adc.c...
linking...
Program Size: Code=1356 RO-data=16 RW-data=0 ZI-data=352  
".\test.axf" - 0 Errors, 0 Warning(s).
Rebuild target 'Target 1'
compiling main.c...
assembling Startup.s...
compiling gpio.c...
compiling util.c...
compiling ssi.c...
compiling lcd.c...
compiling adc.c...
compiling NRF24L01.c...
linking...
Program Size: Code=1356 RO-data=16 RW-data=0 ZI-data=352  
".\test.axf" - 0 Errors, 0 Warning(s).
Rebuild target 'Target 1'
compiling main.c...
assembling Startup.s...
compiling gpio.c...
compiling util.c...
compiling ssi.c...
compiling lcd.c...
compiling adc.c...
compiling NRF24L01.c...
linking...
Program Size: Code=1356 RO-data=16 RW-data=0 ZI-data=352  
".\test.axf" - 0 Errors, 0 Warning(s).
Rebuild target 'Target 1'
compiling main.c...
assembling Startup.s...
compiling gpio.c...
compiling util.c...
compiling ssi.c...
compiling lcd.c...
compiling adc.c...
compiling NRF24L01.c...
NRF24L01.c(23): warning:  #940-D: missing return statement at end of non-void function "RF24_readReg"
NRF24L01.c(35): warning:  #940-D: missing return statement at end of non-void function "RF24_rx"
linking...
Program Size: Code=1356 RO-data=16 RW-data=0 ZI-data=352  
".\test.axf" - 0 Errors, 2 Warning(s).
Rebuild target 'Target 1'
compiling main.c...
assembling Startup.s...
compiling gpio.c...
compiling util.c...
compiling ssi.c...
compiling lcd.c...
compiling adc.c...
compiling NRF24L01.c...
NRF24L01.c(21): error:  #268: declaration may not appear after executable statement in block
NRF24L01.c(88): warning:  #940-D: missing return statement at end of non-void function "RF24_rx"
".\test.axf" - 1 Errors, 1 Warning(s).
Target not created
Rebuild target 'Target 1'
compiling main.c...
assembling Startup.s...
compiling gpio.c...
compiling util.c...
compiling ssi.c...
compiling lcd.c...
compiling adc.c...
compiling NRF24L01.c...
NRF24L01.c(21): error:  #268: declaration may not appear after executable statement in block
NRF24L01.c(88): warning:  #940-D: missing return statement at end of non-void function "RF24_rx"
".\test.axf" - 1 Errors, 1 Warning(s).
Target not created
Rebuild target 'Target 1'
compiling main.c...
assembling Startup.s...
compiling gpio.c...
compiling util.c...
compiling ssi.c...
compiling lcd.c...
compiling adc.c...
compiling NRF24L01.c...
NRF24L01.c(21): error:  #268: declaration may not appear after executable statement in block
".\test.axf" - 1 Errors, 0 Warning(s).
Target not created
Rebuild target 'Target 1'
compiling main.c...
assembling Startup.s...
compiling gpio.c...
compiling util.c...
compiling ssi.c...
compiling lcd.c...
compiling adc.c...
compiling NRF24L01.c...
linking...
Program Size: Code=1356 RO-data=16 RW-data=0 ZI-data=352  
".\test.axf" - 0 Errors, 0 Warning(s).
Rebuild target 'Target 1'
compiling main.c...
main.c(9): warning:  #550-D: variable "tmp" was set but never used
assembling Startup.s...
compiling gpio.c...
compiling util.c...
compiling ssi.c...
compiling lcd.c...
compiling adc.c...
compiling NRF24L01.c...
linking...
Program Size: Code=1588 RO-data=16 RW-data=0 ZI-data=352  
".\test.axf" - 0 Errors, 1 Warning(s).
Rebuild target 'Target 1'
compiling main.c...
main.c(9): warning:  #550-D: variable "tmp" was set but never used
assembling Startup.s...
compiling gpio.c...
compiling util.c...
compiling ssi.c...
compiling lcd.c...
compiling adc.c...
compiling NRF24L01.c...
linking...
Program Size: Code=1588 RO-data=16 RW-data=0 ZI-data=352  
".\test.axf" - 0 Errors, 1 Warning(s).
Rebuild target 'Target 1'
compiling main.c...
main.c(9): warning:  #550-D: variable "tmp" was set but never used
assembling Startup.s...
compiling gpio.c...
compiling util.c...
compiling ssi.c...
compiling lcd.c...
compiling adc.c...
compiling NRF24L01.c...
linking...
Program Size: Code=1588 RO-data=16 RW-data=0 ZI-data=352  
".\test.axf" - 0 Errors, 1 Warning(s).
Load "C:\\Users\\cody\\Documents\\Keil\\ECE_3710\\Projects\\Project-02\\Tiva-C\\test.axf" 
Connecting: Mode=JTAG, Speed=1000000Hz
Erase Done.
Programming Done.
Verify OK.
Rebuild target 'Target 1'
compiling main.c...
main.c(9): warning:  #550-D: variable "tmp" was set but never used
assembling Startup.s...
compiling gpio.c...
compiling util.c...
compiling ssi.c...
compiling lcd.c...
compiling adc.c...
compiling NRF24L01.c...
linking...
Program Size: Code=1588 RO-data=16 RW-data=0 ZI-data=352  
".\test.axf" - 0 Errors, 1 Warning(s).
Load "C:\\Users\\cody\\Documents\\Keil\\ECE_3710\\Projects\\Project-02\\Tiva-C\\test.axf" 
Connecting: Mode=JTAG, Speed=1000000Hz
Erase Done.
Programming Done.
Verify OK.
Rebuild target 'Target 1'
compiling main.c...
assembling Startup.s...
compiling gpio.c...
compiling util.c...
compiling ssi.c...
compiling lcd.c...
compiling adc.c...
compiling NRF24L01.c...
linking...
Program Size: Code=1592 RO-data=16 RW-data=0 ZI-data=352  
".\test.axf" - 0 Errors, 0 Warning(s).
Load "C:\\Users\\cody\\Documents\\Keil\\ECE_3710\\Projects\\Project-02\\Tiva-C\\test.axf" 
Connecting: Mode=JTAG, Speed=1000000Hz
Erase Done.
Programming Done.
Verify OK.
Rebuild target 'Target 1'
compiling main.c...
assembling Startup.s...
compiling gpio.c...
compiling util.c...
compiling ssi.c...
compiling lcd.c...
compiling adc.c...
compiling NRF24L01.c...
linking...
Program Size: Code=1368 RO-data=16 RW-data=0 ZI-data=352  
".\test.axf" - 0 Errors, 0 Warning(s).
Load "C:\\Users\\cody\\Documents\\Keil\\ECE_3710\\Projects\\Project-02\\Tiva-C\\test.axf" 
Connecting: Mode=JTAG, Speed=1000000Hz
Erase Done.
Programming Done.
Verify OK.
Rebuild target 'Target 1'
compiling main.c...
assembling Startup.s...
compiling gpio.c...
compiling util.c...
compiling ssi.c...
compiling lcd.c...
compiling adc.c...
compiling NRF24L01.c...
linking...
Program Size: Code=1368 RO-data=16 RW-data=0 ZI-data=352  
".\test.axf" - 0 Errors, 0 Warning(s).
Load "C:\\Users\\cody\\Documents\\Keil\\ECE_3710\\Projects\\Project-02\\Tiva-C\\test.axf" 
Connecting: Mode=JTAG, Speed=1000000Hz
Erase Done.
Programming Done.
Verify OK.
Rebuild target 'Target 1'
compiling main.c...
assembling Startup.s...
compiling gpio.c...
compiling util.c...
compiling ssi.c...
compiling lcd.c...
compiling adc.c...
compiling NRF24L01.c...
linking...
Program Size: Code=1368 RO-data=16 RW-data=0 ZI-data=352  
".\test.axf" - 0 Errors, 0 Warning(s).
Rebuild target 'Target 1'
compiling main.c...
assembling Startup.s...
compiling gpio.c...
compiling util.c...
compiling ssi.c...
compiling lcd.c...
compiling adc.c...
compiling NRF24L01.c...
linking...
Program Size: Code=1368 RO-data=16 RW-data=0 ZI-data=352  
".\test.axf" - 0 Errors, 0 Warning(s).
Load "C:\\Users\\cody\\Documents\\Keil\\ECE_3710\\Projects\\Project-02\\Tiva-C\\test.axf" 
Connecting: Mode=JTAG, Speed=1000000Hz
Erase Done.
Programming Done.
Verify OK.
Rebuild target 'Target 1'
compiling main.c...
assembling Startup.s...
compiling gpio.c...
compiling util.c...
compiling ssi.c...
compiling lcd.c...
compiling adc.c...
compiling NRF24L01.c...
linking...
Program Size: Code=1588 RO-data=16 RW-data=0 ZI-data=352  
".\test.axf" - 0 Errors, 0 Warning(s).
Load "C:\\Users\\cody\\Documents\\Keil\\ECE_3710\\Projects\\Project-02\\Tiva-C\\test.axf" 
Connecting: Mode=JTAG, Speed=1000000Hz
Erase Done.
Programming Done.
Verify OK.
Rebuild target 'Target 1'
compiling main.c...
assembling Startup.s...
compiling gpio.c...
compiling util.c...
compiling ssi.c...
compiling lcd.c...
compiling adc.c...
compiling NRF24L01.c...
linking...
Program Size: Code=1588 RO-data=16 RW-data=0 ZI-data=352  
".\test.axf" - 0 Errors, 0 Warning(s).
Load "C:\\Users\\cody\\Documents\\Keil\\ECE_3710\\Projects\\Project-02\\Tiva-C\\test.axf" 
Connecting: Mode=JTAG, Speed=1000000Hz
Connection failed!, error code=&d
Load "C:\\Users\\cody\\Documents\\Keil\\ECE_3710\\Projects\\Project-02\\Tiva-C\\test.axf" 
Connecting: Mode=JTAG, Speed=1000000Hz
Erase Done.
Programming Done.
Verify OK.
