<html>
<body>
<pre>
<h1>µVision Build Log</h1>
<h2>Project:</h2>
C:\Users\cody\Documents\Keil\ECE 3710\Lab-03\SimpleProject.uvproj
Project File Date:  10/15/2013

<h2>Output:</h2>
Rebuild target 'SimpleProject'
assembling Startup.s...
assembling LAB3_UART.s...
linking...
Program Size: Code=1464 RO-data=0 RW-data=0 ZI-data=1024  
".\SimpleProject.axf" - 0 Errors, 0 Warning(s).
Load "C:\\Users\\cody\\Documents\\Keil\\ECE 3710\\Lab-03\\SimpleProject.axf" 
Connecting: Mode=JTAG, Speed=1000000Hz
Erase Done.
Programming Done.
Verify OK.
