<html>
<body>
<pre>
<h1>µVision Build Log</h1>
<h2>Project:</h2>
C:\Users\cody\Documents\Keil\ECE 3710\Assignments\Assignment 6\Assignment 6-1\SimpleProject.uvproj
Project File Date:  10/31/2013

<h2>Output:</h2>
Rebuild target 'SimpleProject'
assembling Startup.s...
compiling main.c...
SYSCTL.h(19): warning:  #1-D: last line of file ends without a newline
GPTM.h(9): warning:  #1-D: last line of file ends without a newline
compiling GPIO.c...
regop.h(9): warning:  #1-D: last line of file ends without a newline
GPIO.c(17): error:  #169: expected a declaration
GPIO.c(24): warning:  #1-D: last line of file ends without a newline
compiling GPTM.c...
GPTM.h(9): warning:  #1-D: last line of file ends without a newline
regop.h(9): warning:  #1-D: last line of file ends without a newline
compiling SYSCTL.c...
SYSCTL.h(19): warning:  #1-D: last line of file ends without a newline
regop.h(9): warning:  #1-D: last line of file ends without a newline
compiling regop.c...
regop.h(9): warning:  #1-D: last line of file ends without a newline
".\SimpleProject.axf" - 1 Errors, 9 Warning(s).
Target not created
Rebuild target 'SimpleProject'
assembling Startup.s...
compiling main.c...
compiling GPIO.c...
compiling GPTM.c...
compiling SYSCTL.c...
compiling regop.c...
linking...
Program Size: Code=604 RO-data=16 RW-data=0 ZI-data=1120  
".\SimpleProject.axf" - 0 Errors, 0 Warning(s).
Rebuild target 'SimpleProject'
assembling Startup.s...
compiling main.c...
compiling GPIO.c...
compiling GPTM.c...
compiling SYSCTL.c...
compiling regop.c...
linking...
Program Size: Code=604 RO-data=16 RW-data=0 ZI-data=1120  
".\SimpleProject.axf" - 0 Errors, 0 Warning(s).
Rebuild target 'SimpleProject'
assembling Startup.s...
compiling main.c...
main.c(14): error:  #84: invalid combination of type specifiers
main.c(14): error:  #951: return type of function "main" must be "int"
compiling GPIO.c...
compiling GPTM.c...
GPIO.h(42): error:  #84: invalid combination of type specifiers
compiling SYSCTL.c...
compiling regop.c...
".\SimpleProject.axf" - 3 Errors, 0 Warning(s).
Target not created
Rebuild target 'SimpleProject'
assembling Startup.s...
compiling main.c...
main.c(14): error:  #84: invalid combination of type specifiers
main.c(14): error:  #951: return type of function "main" must be "int"
compiling GPIO.c...
compiling GPTM.c...
GPIO.h(42): error:  #84: invalid combination of type specifiers
compiling SYSCTL.c...
compiling regop.c...
".\SimpleProject.axf" - 3 Errors, 0 Warning(s).
Target not created
Rebuild target 'SimpleProject'
assembling Startup.s...
compiling main.c...
main.c(14): error:  #84: invalid combination of type specifiers
main.c(14): error:  #951: return type of function "main" must be "int"
compiling GPIO.c...
compiling GPTM.c...
GPIO.h(42): error:  #84: invalid combination of type specifiers
compiling SYSCTL.c...
compiling regop.c...
".\SimpleProject.axf" - 3 Errors, 0 Warning(s).
Target not created
Rebuild target 'SimpleProject'
assembling Startup.s...
compiling main.c...
compiling GPIO.c...
compiling GPTM.c...
GPIO.h(42): error:  #84: invalid combination of type specifiers
compiling SYSCTL.c...
compiling regop.c...
".\SimpleProject.axf" - 1 Errors, 0 Warning(s).
Target not created
Rebuild target 'SimpleProject'
assembling Startup.s...
compiling main.c...
GPTM.h(6): warning:  #1295-D: Deprecated declaration initEdgeCount - give arg types
compiling GPIO.c...
compiling GPTM.c...
GPTM.h(6): warning:  #1295-D: Deprecated declaration initEdgeCount - give arg types
compiling SYSCTL.c...
compiling regop.c...
linking...
Program Size: Code=576 RO-data=16 RW-data=0 ZI-data=1120  
".\SimpleProject.axf" - 0 Errors, 2 Warning(s).
Rebuild target 'SimpleProject'
assembling Startup.s...
compiling main.c...
compiling GPIO.c...
compiling GPTM.c...
compiling SYSCTL.c...
compiling regop.c...
linking...
Program Size: Code=576 RO-data=16 RW-data=0 ZI-data=1120  
".\SimpleProject.axf" - 0 Errors, 0 Warning(s).
Rebuild target 'SimpleProject'
assembling Startup.s...
compiling main.c...
compiling GPIO.c...
compiling GPTM.c...
compiling SYSCTL.c...
compiling regop.c...
linking...
Program Size: Code=576 RO-data=16 RW-data=0 ZI-data=1120  
".\SimpleProject.axf" - 0 Errors, 0 Warning(s).
Rebuild target 'SimpleProject'
assembling Startup.s...
compiling main.c...
compiling GPIO.c...
compiling GPTM.c...
GPTM.c(28): error:  #65: expected a ";"
compiling SYSCTL.c...
compiling regop.c...
regop.c(40): error:  #147-D: declaration is incompatible with "void orWriteReg(unsigned char *, unsigned int, unsigned int)" (declared at line 9 of "regop.h")
".\SimpleProject.axf" - 2 Errors, 0 Warning(s).
Target not created
Build target 'SimpleProject'
compiling GPTM.c...
GPTM.c(28): error:  #65: expected a ";"
compiling SYSCTL.c...
compiling regop.c...
".\SimpleProject.axf" - 1 Errors, 0 Warning(s).
Target not created
Rebuild target 'SimpleProject'
assembling Startup.s...
compiling main.c...
compiling GPIO.c...
compiling GPTM.c...
compiling SYSCTL.c...
compiling regop.c...
linking...
Program Size: Code=840 RO-data=16 RW-data=0 ZI-data=1120  
".\SimpleProject.axf" - 0 Errors, 0 Warning(s).
Rebuild target 'SimpleProject'
assembling Startup.s...
compiling main.c...
compiling GPIO.c...
compiling GPTM.c...
compiling SYSCTL.c...
compiling regop.c...
linking...
Program Size: Code=840 RO-data=16 RW-data=0 ZI-data=1120  
".\SimpleProject.axf" - 0 Errors, 0 Warning(s).
Rebuild target 'SimpleProject'
assembling Startup.s...
compiling main.c...
compiling GPIO.c...
compiling GPTM.c...
compiling SYSCTL.c...
compiling regop.c...
linking...
Program Size: Code=1020 RO-data=32 RW-data=4 ZI-data=1124  
".\SimpleProject.axf" - 0 Errors, 0 Warning(s).
Rebuild target 'SimpleProject'
assembling Startup.s...
compiling main.c...
compiling GPIO.c...
compiling GPTM.c...
compiling SYSCTL.c...
compiling regop.c...
linking...
Program Size: Code=1104 RO-data=32 RW-data=4 ZI-data=1124  
".\SimpleProject.axf" - 0 Errors, 0 Warning(s).
Rebuild target 'SimpleProject'
assembling Startup.s...
compiling main.c...
main.c(48): warning:  #111-D: statement is unreachable
compiling GPIO.c...
compiling GPTM.c...
compiling SYSCTL.c...
compiling regop.c...
linking...
Program Size: Code=1100 RO-data=32 RW-data=4 ZI-data=1124  
".\SimpleProject.axf" - 0 Errors, 1 Warning(s).
